Analysis & Synthesis report for parte2
Tue Apr 13 16:26:26 2021
Quartus Prime Version 19.1.0 Build 670 09/22/2019 SJ Lite Edition


---------------------
; Table of Contents ;
---------------------
  1. Legal Notice
  2. Analysis & Synthesis Summary
  3. Analysis & Synthesis Settings
  4. Parallel Compilation
  5. Analysis & Synthesis Source Files Read
  6. Analysis & Synthesis Resource Usage Summary
  7. Analysis & Synthesis Resource Utilization by Entity
  8. General Register Statistics
  9. Parameter Settings for User Entity Instance: cache:cache1
 10. Parameter Settings for User Entity Instance: cache:cache2
 11. Parameter Settings for User Entity Instance: memory:Memo
 12. Parameter Settings for User Entity Instance: bus:Bus_data
 13. Port Connectivity Checks: "cache:cache2"
 14. Port Connectivity Checks: "cache:cache1"
 15. Post-Synthesis Netlist Statistics for Top Partition
 16. Elapsed Time Per Partition
 17. Analysis & Synthesis Messages



----------------
; Legal Notice ;
----------------
Copyright (C) 2019  Intel Corporation. All rights reserved.
Your use of Intel Corporation's design tools, logic functions 
and other software and tools, and any partner logic 
functions, and any output files from any of the foregoing 
(including device programming or simulation files), and any 
associated documentation or information are expressly subject 
to the terms and conditions of the Intel Program License 
Subscription Agreement, the Intel Quartus Prime License Agreement,
the Intel FPGA IP License Agreement, or other applicable license
agreement, including, without limitation, that your use is for
the sole purpose of programming logic devices manufactured by
Intel and sold by Intel or its authorized distributors.  Please
refer to the applicable agreement for further details, at
https://fpgasoftware.intel.com/eula.



+----------------------------------------------------------------------------------+
; Analysis & Synthesis Summary                                                     ;
+------------------------------------+---------------------------------------------+
; Analysis & Synthesis Status        ; Successful - Tue Apr 13 16:26:26 2021       ;
; Quartus Prime Version              ; 19.1.0 Build 670 09/22/2019 SJ Lite Edition ;
; Revision Name                      ; parte2                                      ;
; Top-level Entity Name              ; parte2                                      ;
; Family                             ; Cyclone IV E                                ;
; Total logic elements               ; 0                                           ;
;     Total combinational functions  ; 0                                           ;
;     Dedicated logic registers      ; 0                                           ;
; Total registers                    ; 0                                           ;
; Total pins                         ; 11                                          ;
; Total virtual pins                 ; 0                                           ;
; Total memory bits                  ; 0                                           ;
; Embedded Multiplier 9-bit elements ; 0                                           ;
; Total PLLs                         ; 0                                           ;
+------------------------------------+---------------------------------------------+


+------------------------------------------------------------------------------------------------------------+
; Analysis & Synthesis Settings                                                                              ;
+------------------------------------------------------------------+--------------------+--------------------+
; Option                                                           ; Setting            ; Default Value      ;
+------------------------------------------------------------------+--------------------+--------------------+
; Top-level entity name                                            ; parte2             ; parte2             ;
; Family name                                                      ; Cyclone IV E       ; Cyclone V          ;
; Use smart compilation                                            ; Off                ; Off                ;
; Enable parallel Assembler and Timing Analyzer during compilation ; On                 ; On                 ;
; Enable compact report table                                      ; Off                ; Off                ;
; Restructure Multiplexers                                         ; Auto               ; Auto               ;
; Create Debugging Nodes for IP Cores                              ; Off                ; Off                ;
; Preserve fewer node names                                        ; On                 ; On                 ;
; Intel FPGA IP Evaluation Mode                                    ; Enable             ; Enable             ;
; Verilog Version                                                  ; Verilog_2001       ; Verilog_2001       ;
; VHDL Version                                                     ; VHDL_1993          ; VHDL_1993          ;
; State Machine Processing                                         ; Auto               ; Auto               ;
; Safe State Machine                                               ; Off                ; Off                ;
; Extract Verilog State Machines                                   ; On                 ; On                 ;
; Extract VHDL State Machines                                      ; On                 ; On                 ;
; Ignore Verilog initial constructs                                ; Off                ; Off                ;
; Iteration limit for constant Verilog loops                       ; 5000               ; 5000               ;
; Iteration limit for non-constant Verilog loops                   ; 250                ; 250                ;
; Add Pass-Through Logic to Inferred RAMs                          ; On                 ; On                 ;
; Infer RAMs from Raw Logic                                        ; On                 ; On                 ;
; Parallel Synthesis                                               ; On                 ; On                 ;
; DSP Block Balancing                                              ; Auto               ; Auto               ;
; NOT Gate Push-Back                                               ; On                 ; On                 ;
; Power-Up Don't Care                                              ; On                 ; On                 ;
; Remove Redundant Logic Cells                                     ; Off                ; Off                ;
; Remove Duplicate Registers                                       ; On                 ; On                 ;
; Ignore CARRY Buffers                                             ; Off                ; Off                ;
; Ignore CASCADE Buffers                                           ; Off                ; Off                ;
; Ignore GLOBAL Buffers                                            ; Off                ; Off                ;
; Ignore ROW GLOBAL Buffers                                        ; Off                ; Off                ;
; Ignore LCELL Buffers                                             ; Off                ; Off                ;
; Ignore SOFT Buffers                                              ; On                 ; On                 ;
; Limit AHDL Integers to 32 Bits                                   ; Off                ; Off                ;
; Optimization Technique                                           ; Balanced           ; Balanced           ;
; Carry Chain Length                                               ; 70                 ; 70                 ;
; Auto Carry Chains                                                ; On                 ; On                 ;
; Auto Open-Drain Pins                                             ; On                 ; On                 ;
; Perform WYSIWYG Primitive Resynthesis                            ; Off                ; Off                ;
; Auto ROM Replacement                                             ; On                 ; On                 ;
; Auto RAM Replacement                                             ; On                 ; On                 ;
; Auto DSP Block Replacement                                       ; On                 ; On                 ;
; Auto Shift Register Replacement                                  ; Auto               ; Auto               ;
; Allow Shift Register Merging across Hierarchies                  ; Auto               ; Auto               ;
; Auto Clock Enable Replacement                                    ; On                 ; On                 ;
; Strict RAM Replacement                                           ; Off                ; Off                ;
; Allow Synchronous Control Signals                                ; On                 ; On                 ;
; Force Use of Synchronous Clear Signals                           ; Off                ; Off                ;
; Auto RAM Block Balancing                                         ; On                 ; On                 ;
; Auto RAM to Logic Cell Conversion                                ; Off                ; Off                ;
; Auto Resource Sharing                                            ; Off                ; Off                ;
; Allow Any RAM Size For Recognition                               ; Off                ; Off                ;
; Allow Any ROM Size For Recognition                               ; Off                ; Off                ;
; Allow Any Shift Register Size For Recognition                    ; Off                ; Off                ;
; Use LogicLock Constraints during Resource Balancing              ; On                 ; On                 ;
; Ignore translate_off and synthesis_off directives                ; Off                ; Off                ;
; Timing-Driven Synthesis                                          ; On                 ; On                 ;
; Report Parameter Settings                                        ; On                 ; On                 ;
; Report Source Assignments                                        ; On                 ; On                 ;
; Report Connectivity Checks                                       ; On                 ; On                 ;
; Ignore Maximum Fan-Out Assignments                               ; Off                ; Off                ;
; Synchronization Register Chain Length                            ; 2                  ; 2                  ;
; Power Optimization During Synthesis                              ; Normal compilation ; Normal compilation ;
; HDL message level                                                ; Level2             ; Level2             ;
; Suppress Register Optimization Related Messages                  ; Off                ; Off                ;
; Number of Removed Registers Reported in Synthesis Report         ; 5000               ; 5000               ;
; Number of Swept Nodes Reported in Synthesis Report               ; 5000               ; 5000               ;
; Number of Inverted Registers Reported in Synthesis Report        ; 100                ; 100                ;
; Clock MUX Protection                                             ; On                 ; On                 ;
; Auto Gated Clock Conversion                                      ; Off                ; Off                ;
; Block Design Naming                                              ; Auto               ; Auto               ;
; SDC constraint protection                                        ; Off                ; Off                ;
; Synthesis Effort                                                 ; Auto               ; Auto               ;
; Shift Register Replacement - Allow Asynchronous Clear Signal     ; On                 ; On                 ;
; Pre-Mapping Resynthesis Optimization                             ; Off                ; Off                ;
; Analysis & Synthesis Message Level                               ; Medium             ; Medium             ;
; Disable Register Merging Across Hierarchies                      ; Auto               ; Auto               ;
; Resource Aware Inference For Block RAM                           ; On                 ; On                 ;
+------------------------------------------------------------------+--------------------+--------------------+


+------------------------------------------+
; Parallel Compilation                     ;
+----------------------------+-------------+
; Processors                 ; Number      ;
+----------------------------+-------------+
; Number detected on machine ; 8           ;
; Maximum allowed            ; 4           ;
;                            ;             ;
; Average used               ; 1.00        ;
; Maximum used               ; 1           ;
;                            ;             ;
; Usage by Processor         ; % Time Used ;
;     Processor 1            ; 100.0%      ;
+----------------------------+-------------+


+---------------------------------------------------------------------------------------------------------------------------------------------------------------------------------------------------+
; Analysis & Synthesis Source Files Read                                                                                                                                                            ;
+----------------------------------+-----------------+------------------------+-----------------------------------------------------------------------------------------------------------+---------+
; File Name with User-Entered Path ; Used in Netlist ; File Type              ; File Name with Absolute Path                                                                              ; Library ;
+----------------------------------+-----------------+------------------------+-----------------------------------------------------------------------------------------------------------+---------+
; parte2.v                         ; yes             ; User Verilog HDL File  ; C:/Users/felip/Desktop/CEFET/Materias/AOC2/LAOC2/pratica4/computer_architecture_snooping/parte2/parte2.v  ;         ;
; memory.v                         ; yes             ; User Verilog HDL File  ; C:/Users/felip/Desktop/CEFET/Materias/AOC2/LAOC2/pratica4/computer_architecture_snooping/parte2/memory.v  ;         ;
; counter.v                        ; yes             ; User Verilog HDL File  ; C:/Users/felip/Desktop/CEFET/Materias/AOC2/LAOC2/pratica4/computer_architecture_snooping/parte2/counter.v ;         ;
; cache.v                          ; yes             ; User Verilog HDL File  ; C:/Users/felip/Desktop/CEFET/Materias/AOC2/LAOC2/pratica4/computer_architecture_snooping/parte2/cache.v   ;         ;
; bus.v                            ; yes             ; User Verilog HDL File  ; C:/Users/felip/Desktop/CEFET/Materias/AOC2/LAOC2/pratica4/computer_architecture_snooping/parte2/bus.v     ;         ;
+----------------------------------+-----------------+------------------------+-----------------------------------------------------------------------------------------------------------+---------+


+-----------------------------------------------------+
; Analysis & Synthesis Resource Usage Summary         ;
+---------------------------------------------+-------+
; Resource                                    ; Usage ;
+---------------------------------------------+-------+
;                                             ;       ;
; Total combinational functions               ; 0     ;
; Logic element usage by number of LUT inputs ;       ;
;     -- 4 input functions                    ; 0     ;
;     -- 3 input functions                    ; 0     ;
;     -- <=2 input functions                  ; 0     ;
;                                             ;       ;
; Logic elements by mode                      ;       ;
;     -- normal mode                          ; 0     ;
;     -- arithmetic mode                      ; 0     ;
;                                             ;       ;
; Total registers                             ; 0     ;
;     -- Dedicated logic registers            ; 0     ;
;     -- I/O registers                        ; 0     ;
;                                             ;       ;
; I/O pins                                    ; 11    ;
;                                             ;       ;
; Embedded Multiplier 9-bit elements          ; 0     ;
;                                             ;       ;
; Maximum fan-out node                        ; clock ;
; Maximum fan-out                             ; 1     ;
; Total fan-out                               ; 11    ;
; Average fan-out                             ; 0.50  ;
+---------------------------------------------+-------+


+----------------------------------------------------------------------------------------------------------------------------------------------------------------------------------------------------------+
; Analysis & Synthesis Resource Utilization by Entity                                                                                                                                                      ;
+----------------------------+---------------------+---------------------------+-------------+--------------+---------+-----------+------+--------------+---------------------+-------------+--------------+
; Compilation Hierarchy Node ; Combinational ALUTs ; Dedicated Logic Registers ; Memory Bits ; DSP Elements ; DSP 9x9 ; DSP 18x18 ; Pins ; Virtual Pins ; Full Hierarchy Name ; Entity Name ; Library Name ;
+----------------------------+---------------------+---------------------------+-------------+--------------+---------+-----------+------+--------------+---------------------+-------------+--------------+
; |parte2                    ; 0 (0)               ; 0 (0)                     ; 0           ; 0            ; 0       ; 0         ; 11   ; 0            ; |parte2             ; parte2      ; work         ;
+----------------------------+---------------------+---------------------------+-------------+--------------+---------+-----------+------+--------------+---------------------+-------------+--------------+
Note: For table entries with two numbers listed, the numbers in parentheses indicate the number of resources of the given type used by the specific entity alone. The numbers listed outside of parentheses indicate the total resources of the given type used by the specific entity and all of its sub-entities in the hierarchy.


+------------------------------------------------------+
; General Register Statistics                          ;
+----------------------------------------------+-------+
; Statistic                                    ; Value ;
+----------------------------------------------+-------+
; Total registers                              ; 0     ;
; Number of registers using Synchronous Clear  ; 0     ;
; Number of registers using Synchronous Load   ; 0     ;
; Number of registers using Asynchronous Clear ; 0     ;
; Number of registers using Asynchronous Load  ; 0     ;
; Number of registers using Clock Enable       ; 0     ;
; Number of registers using Preset             ; 0     ;
+----------------------------------------------+-------+


+-----------------------------------------------------------------------------------------------------------------------------------------------+
; Parameter Settings for User Entity Instance: cache:cache1                                                                                     ;
+----------------+------------------------------------------------------------------------------------------------------------+-----------------+
; Parameter Name ; Value                                                                                                      ; Type            ;
+----------------+------------------------------------------------------------------------------------------------------------+-----------------+
; NAME           ; 00                                                                                                         ; Unsigned Binary ;
; FILE           ; C:/Users/felip/Desktop/CEFET/Materias/AOC2/LAOC2/pratica4/computer_architecture_snooping/parte2/cache1.mem ; String          ;
; ReadMiss       ; 01                                                                                                         ; Unsigned Binary ;
; ReadHit        ; 10                                                                                                         ; Unsigned Binary ;
; WriteBack      ; 11                                                                                                         ; Unsigned Binary ;
+----------------+------------------------------------------------------------------------------------------------------------+-----------------+
Note: In order to hide this table in the UI and the text report file, please set the "Show Parameter Settings in Synthesis Report" option in "Analysis and Synthesis Settings -> More Settings" to "Off".


+-----------------------------------------------------------------------------------------------------------------------------------------------+
; Parameter Settings for User Entity Instance: cache:cache2                                                                                     ;
+----------------+------------------------------------------------------------------------------------------------------------+-----------------+
; Parameter Name ; Value                                                                                                      ; Type            ;
+----------------+------------------------------------------------------------------------------------------------------------+-----------------+
; NAME           ; 01                                                                                                         ; Unsigned Binary ;
; FILE           ; C:/Users/felip/Desktop/CEFET/Materias/AOC2/LAOC2/pratica4/computer_architecture_snooping/parte2/cache2.mem ; String          ;
; ReadMiss       ; 01                                                                                                         ; Unsigned Binary ;
; ReadHit        ; 10                                                                                                         ; Unsigned Binary ;
; WriteBack      ; 11                                                                                                         ; Unsigned Binary ;
+----------------+------------------------------------------------------------------------------------------------------------+-----------------+
Note: In order to hide this table in the UI and the text report file, please set the "Show Parameter Settings in Synthesis Report" option in "Analysis and Synthesis Settings -> More Settings" to "Off".


+---------------------------------------------------------------------------------------------------------------------------------------------+
; Parameter Settings for User Entity Instance: memory:Memo                                                                                    ;
+----------------+----------------------------------------------------------------------------------------------------------+-----------------+
; Parameter Name ; Value                                                                                                    ; Type            ;
+----------------+----------------------------------------------------------------------------------------------------------+-----------------+
; FILE           ; C:/Users/felip/Desktop/CEFET/Materias/AOC2/LAOC2/pratica4/computer_architecture_snooping/parte2/memo.mem ; String          ;
; ReadMiss       ; 01                                                                                                       ; Unsigned Binary ;
; WriteBack      ; 11                                                                                                       ; Unsigned Binary ;
+----------------+----------------------------------------------------------------------------------------------------------+-----------------+
Note: In order to hide this table in the UI and the text report file, please set the "Show Parameter Settings in Synthesis Report" option in "Analysis and Synthesis Settings -> More Settings" to "Off".


+-----------------------------------------------------------+
; Parameter Settings for User Entity Instance: bus:Bus_data ;
+----------------+-------+----------------------------------+
; Parameter Name ; Value ; Type                             ;
+----------------+-------+----------------------------------+
; ReadHit        ; 10    ; Unsigned Binary                  ;
+----------------+-------+----------------------------------+
Note: In order to hide this table in the UI and the text report file, please set the "Show Parameter Settings in Synthesis Report" option in "Analysis and Synthesis Settings -> More Settings" to "Off".


+----------------------------------------------------------------------------------------------------------------+
; Port Connectivity Checks: "cache:cache2"                                                                       ;
+------+--------+----------+-------------------------------------------------------------------------------------+
; Port ; Type   ; Severity ; Details                                                                             ;
+------+--------+----------+-------------------------------------------------------------------------------------+
; q    ; Output ; Info     ; Connected to dangling logic. Logic that only feeds a dangling port will be removed. ;
+------+--------+----------+-------------------------------------------------------------------------------------+


+----------------------------------------------------------------------------------------------------------------+
; Port Connectivity Checks: "cache:cache1"                                                                       ;
+------+--------+----------+-------------------------------------------------------------------------------------+
; Port ; Type   ; Severity ; Details                                                                             ;
+------+--------+----------+-------------------------------------------------------------------------------------+
; q    ; Output ; Info     ; Connected to dangling logic. Logic that only feeds a dangling port will be removed. ;
+------+--------+----------+-------------------------------------------------------------------------------------+


+-----------------------------------------------------+
; Post-Synthesis Netlist Statistics for Top Partition ;
+-------------------+---------------------------------+
; Type              ; Count                           ;
+-------------------+---------------------------------+
; boundary_port     ; 11                              ;
;                   ;                                 ;
; Max LUT depth     ; 0.00                            ;
; Average LUT depth ; 0.00                            ;
+-------------------+---------------------------------+


+-------------------------------+
; Elapsed Time Per Partition    ;
+----------------+--------------+
; Partition Name ; Elapsed Time ;
+----------------+--------------+
; Top            ; 00:00:00     ;
+----------------+--------------+


+-------------------------------+
; Analysis & Synthesis Messages ;
+-------------------------------+
Info: *******************************************************************
Info: Running Quartus Prime Analysis & Synthesis
    Info: Version 19.1.0 Build 670 09/22/2019 SJ Lite Edition
    Info: Processing started: Tue Apr 13 16:25:54 2021
Info: Command: quartus_map --read_settings_files=on --write_settings_files=off parte2 -c parte2
Warning (18236): Number of processors has not been specified which may cause overloading on shared machines.  Set the global assignment NUM_PARALLEL_PROCESSORS in your QSF to an appropriate value for best performance.
Info (20030): Parallel compilation is enabled and will use 4 of the 4 processors detected
Info (12021): Found 1 design units, including 1 entities, in source file parte2.v
    Info (12023): Found entity 1: parte2 File: C:/Users/felip/Desktop/CEFET/Materias/AOC2/LAOC2/pratica4/computer_architecture_snooping/parte2/parte2.v Line: 1
Info (12021): Found 1 design units, including 1 entities, in source file memory.v
    Info (12023): Found entity 1: memory File: C:/Users/felip/Desktop/CEFET/Materias/AOC2/LAOC2/pratica4/computer_architecture_snooping/parte2/memory.v Line: 1
Info (12021): Found 1 design units, including 1 entities, in source file counter.v
    Info (12023): Found entity 1: counter File: C:/Users/felip/Desktop/CEFET/Materias/AOC2/LAOC2/pratica4/computer_architecture_snooping/parte2/counter.v Line: 1
Info (12021): Found 1 design units, including 1 entities, in source file cache.v
    Info (12023): Found entity 1: cache File: C:/Users/felip/Desktop/CEFET/Materias/AOC2/LAOC2/pratica4/computer_architecture_snooping/parte2/cache.v Line: 1
Info (12021): Found 1 design units, including 1 entities, in source file bus.v
    Info (12023): Found entity 1: bus File: C:/Users/felip/Desktop/CEFET/Materias/AOC2/LAOC2/pratica4/computer_architecture_snooping/parte2/bus.v Line: 1
Info (12127): Elaborating entity "parte2" for the top level hierarchy
Info (12128): Elaborating entity "counter" for hierarchy "counter:cnt" File: C:/Users/felip/Desktop/CEFET/Materias/AOC2/LAOC2/pratica4/computer_architecture_snooping/parte2/parte2.v Line: 23
Info (12128): Elaborating entity "cache" for hierarchy "cache:cache1" File: C:/Users/felip/Desktop/CEFET/Materias/AOC2/LAOC2/pratica4/computer_architecture_snooping/parte2/parte2.v Line: 35
Warning (10235): Verilog HDL Always Construct warning at cache.v(53): variable "EsseProc" is read inside the Always Construct but isn't in the Always Construct's Event Control File: C:/Users/felip/Desktop/CEFET/Materias/AOC2/LAOC2/pratica4/computer_architecture_snooping/parte2/cache.v Line: 53
Warning (10235): Verilog HDL Always Construct warning at cache.v(55): variable "Tag_cache" is read inside the Always Construct but isn't in the Always Construct's Event Control File: C:/Users/felip/Desktop/CEFET/Materias/AOC2/LAOC2/pratica4/computer_architecture_snooping/parte2/cache.v Line: 55
Warning (10235): Verilog HDL Always Construct warning at cache.v(55): variable "Tag_instruc" is read inside the Always Construct but isn't in the Always Construct's Event Control File: C:/Users/felip/Desktop/CEFET/Materias/AOC2/LAOC2/pratica4/computer_architecture_snooping/parte2/cache.v Line: 55
Warning (10235): Verilog HDL Always Construct warning at cache.v(55): variable "Estado_cache" is read inside the Always Construct but isn't in the Always Construct's Event Control File: C:/Users/felip/Desktop/CEFET/Materias/AOC2/LAOC2/pratica4/computer_architecture_snooping/parte2/cache.v Line: 55
Warning (10235): Verilog HDL Always Construct warning at cache.v(58): variable "Estado_cache" is read inside the Always Construct but isn't in the Always Construct's Event Control File: C:/Users/felip/Desktop/CEFET/Materias/AOC2/LAOC2/pratica4/computer_architecture_snooping/parte2/cache.v Line: 58
Warning (10235): Verilog HDL Always Construct warning at cache.v(59): variable "Tag_cache" is read inside the Always Construct but isn't in the Always Construct's Event Control File: C:/Users/felip/Desktop/CEFET/Materias/AOC2/LAOC2/pratica4/computer_architecture_snooping/parte2/cache.v Line: 59
Warning (10235): Verilog HDL Always Construct warning at cache.v(59): variable "Valor_cache" is read inside the Always Construct but isn't in the Always Construct's Event Control File: C:/Users/felip/Desktop/CEFET/Materias/AOC2/LAOC2/pratica4/computer_architecture_snooping/parte2/cache.v Line: 59
Warning (10235): Verilog HDL Always Construct warning at cache.v(66): variable "EsseProc" is read inside the Always Construct but isn't in the Always Construct's Event Control File: C:/Users/felip/Desktop/CEFET/Materias/AOC2/LAOC2/pratica4/computer_architecture_snooping/parte2/cache.v Line: 66
Warning (10235): Verilog HDL Always Construct warning at cache.v(68): variable "Op_instruc" is read inside the Always Construct but isn't in the Always Construct's Event Control File: C:/Users/felip/Desktop/CEFET/Materias/AOC2/LAOC2/pratica4/computer_architecture_snooping/parte2/cache.v Line: 68
Warning (10235): Verilog HDL Always Construct warning at cache.v(69): variable "Tag_instruc" is read inside the Always Construct but isn't in the Always Construct's Event Control File: C:/Users/felip/Desktop/CEFET/Materias/AOC2/LAOC2/pratica4/computer_architecture_snooping/parte2/cache.v Line: 69
Warning (10235): Verilog HDL Always Construct warning at cache.v(69): variable "Valor_instruc" is read inside the Always Construct but isn't in the Always Construct's Event Control File: C:/Users/felip/Desktop/CEFET/Materias/AOC2/LAOC2/pratica4/computer_architecture_snooping/parte2/cache.v Line: 69
Warning (10235): Verilog HDL Always Construct warning at cache.v(69): variable "Bloco" is read inside the Always Construct but isn't in the Always Construct's Event Control File: C:/Users/felip/Desktop/CEFET/Materias/AOC2/LAOC2/pratica4/computer_architecture_snooping/parte2/cache.v Line: 69
Warning (10235): Verilog HDL Always Construct warning at cache.v(70): variable "Tag_instruc" is read inside the Always Construct but isn't in the Always Construct's Event Control File: C:/Users/felip/Desktop/CEFET/Materias/AOC2/LAOC2/pratica4/computer_architecture_snooping/parte2/cache.v Line: 70
Warning (10235): Verilog HDL Always Construct warning at cache.v(75): variable "Tag_cache" is read inside the Always Construct but isn't in the Always Construct's Event Control File: C:/Users/felip/Desktop/CEFET/Materias/AOC2/LAOC2/pratica4/computer_architecture_snooping/parte2/cache.v Line: 75
Warning (10235): Verilog HDL Always Construct warning at cache.v(75): variable "Tag_instruc" is read inside the Always Construct but isn't in the Always Construct's Event Control File: C:/Users/felip/Desktop/CEFET/Materias/AOC2/LAOC2/pratica4/computer_architecture_snooping/parte2/cache.v Line: 75
Warning (10235): Verilog HDL Always Construct warning at cache.v(75): variable "Estado_cache" is read inside the Always Construct but isn't in the Always Construct's Event Control File: C:/Users/felip/Desktop/CEFET/Materias/AOC2/LAOC2/pratica4/computer_architecture_snooping/parte2/cache.v Line: 75
Warning (10235): Verilog HDL Always Construct warning at cache.v(76): variable "Tag_instruc" is read inside the Always Construct but isn't in the Always Construct's Event Control File: C:/Users/felip/Desktop/CEFET/Materias/AOC2/LAOC2/pratica4/computer_architecture_snooping/parte2/cache.v Line: 76
Warning (10235): Verilog HDL Always Construct warning at cache.v(78): variable "Tag_instruc" is read inside the Always Construct but isn't in the Always Construct's Event Control File: C:/Users/felip/Desktop/CEFET/Materias/AOC2/LAOC2/pratica4/computer_architecture_snooping/parte2/cache.v Line: 78
Warning (10235): Verilog HDL Always Construct warning at cache.v(84): variable "EsseProc" is read inside the Always Construct but isn't in the Always Construct's Event Control File: C:/Users/felip/Desktop/CEFET/Materias/AOC2/LAOC2/pratica4/computer_architecture_snooping/parte2/cache.v Line: 84
Warning (10235): Verilog HDL Always Construct warning at cache.v(86): variable "Op_instruc" is read inside the Always Construct but isn't in the Always Construct's Event Control File: C:/Users/felip/Desktop/CEFET/Materias/AOC2/LAOC2/pratica4/computer_architecture_snooping/parte2/cache.v Line: 86
Warning (10235): Verilog HDL Always Construct warning at cache.v(89): variable "Tag_cache" is read inside the Always Construct but isn't in the Always Construct's Event Control File: C:/Users/felip/Desktop/CEFET/Materias/AOC2/LAOC2/pratica4/computer_architecture_snooping/parte2/cache.v Line: 89
Warning (10235): Verilog HDL Always Construct warning at cache.v(89): variable "Tag_instruc" is read inside the Always Construct but isn't in the Always Construct's Event Control File: C:/Users/felip/Desktop/CEFET/Materias/AOC2/LAOC2/pratica4/computer_architecture_snooping/parte2/cache.v Line: 89
Warning (10235): Verilog HDL Always Construct warning at cache.v(90): variable "Estado_cache" is read inside the Always Construct but isn't in the Always Construct's Event Control File: C:/Users/felip/Desktop/CEFET/Materias/AOC2/LAOC2/pratica4/computer_architecture_snooping/parte2/cache.v Line: 90
Warning (10235): Verilog HDL Always Construct warning at cache.v(91): variable "Tag_cache" is read inside the Always Construct but isn't in the Always Construct's Event Control File: C:/Users/felip/Desktop/CEFET/Materias/AOC2/LAOC2/pratica4/computer_architecture_snooping/parte2/cache.v Line: 91
Warning (10235): Verilog HDL Always Construct warning at cache.v(91): variable "Valor_cache" is read inside the Always Construct but isn't in the Always Construct's Event Control File: C:/Users/felip/Desktop/CEFET/Materias/AOC2/LAOC2/pratica4/computer_architecture_snooping/parte2/cache.v Line: 91
Warning (10235): Verilog HDL Always Construct warning at cache.v(93): variable "Bloco" is read inside the Always Construct but isn't in the Always Construct's Event Control File: C:/Users/felip/Desktop/CEFET/Materias/AOC2/LAOC2/pratica4/computer_architecture_snooping/parte2/cache.v Line: 93
Warning (10235): Verilog HDL Always Construct warning at cache.v(100): variable "Tipo_Bus" is read inside the Always Construct but isn't in the Always Construct's Event Control File: C:/Users/felip/Desktop/CEFET/Materias/AOC2/LAOC2/pratica4/computer_architecture_snooping/parte2/cache.v Line: 100
Warning (10235): Verilog HDL Always Construct warning at cache.v(101): variable "Tag_cache" is read inside the Always Construct but isn't in the Always Construct's Event Control File: C:/Users/felip/Desktop/CEFET/Materias/AOC2/LAOC2/pratica4/computer_architecture_snooping/parte2/cache.v Line: 101
Warning (10235): Verilog HDL Always Construct warning at cache.v(101): variable "Tag_instruc" is read inside the Always Construct but isn't in the Always Construct's Event Control File: C:/Users/felip/Desktop/CEFET/Materias/AOC2/LAOC2/pratica4/computer_architecture_snooping/parte2/cache.v Line: 101
Warning (10235): Verilog HDL Always Construct warning at cache.v(101): variable "Estado_cache" is read inside the Always Construct but isn't in the Always Construct's Event Control File: C:/Users/felip/Desktop/CEFET/Materias/AOC2/LAOC2/pratica4/computer_architecture_snooping/parte2/cache.v Line: 101
Warning (10235): Verilog HDL Always Construct warning at cache.v(102): variable "Tag_cache" is read inside the Always Construct but isn't in the Always Construct's Event Control File: C:/Users/felip/Desktop/CEFET/Materias/AOC2/LAOC2/pratica4/computer_architecture_snooping/parte2/cache.v Line: 102
Warning (10235): Verilog HDL Always Construct warning at cache.v(102): variable "Valor_cache" is read inside the Always Construct but isn't in the Always Construct's Event Control File: C:/Users/felip/Desktop/CEFET/Materias/AOC2/LAOC2/pratica4/computer_architecture_snooping/parte2/cache.v Line: 102
Warning (10235): Verilog HDL Always Construct warning at cache.v(103): variable "Bloco" is read inside the Always Construct but isn't in the Always Construct's Event Control File: C:/Users/felip/Desktop/CEFET/Materias/AOC2/LAOC2/pratica4/computer_architecture_snooping/parte2/cache.v Line: 103
Warning (10235): Verilog HDL Always Construct warning at cache.v(109): variable "EsseProc" is read inside the Always Construct but isn't in the Always Construct's Event Control File: C:/Users/felip/Desktop/CEFET/Materias/AOC2/LAOC2/pratica4/computer_architecture_snooping/parte2/cache.v Line: 109
Warning (10235): Verilog HDL Always Construct warning at cache.v(111): variable "Op_instruc" is read inside the Always Construct but isn't in the Always Construct's Event Control File: C:/Users/felip/Desktop/CEFET/Materias/AOC2/LAOC2/pratica4/computer_architecture_snooping/parte2/cache.v Line: 111
Warning (10235): Verilog HDL Always Construct warning at cache.v(114): variable "Tag_cache" is read inside the Always Construct but isn't in the Always Construct's Event Control File: C:/Users/felip/Desktop/CEFET/Materias/AOC2/LAOC2/pratica4/computer_architecture_snooping/parte2/cache.v Line: 114
Warning (10235): Verilog HDL Always Construct warning at cache.v(114): variable "Tag_instruc" is read inside the Always Construct but isn't in the Always Construct's Event Control File: C:/Users/felip/Desktop/CEFET/Materias/AOC2/LAOC2/pratica4/computer_architecture_snooping/parte2/cache.v Line: 114
Warning (10235): Verilog HDL Always Construct warning at cache.v(114): variable "Estado_cache" is read inside the Always Construct but isn't in the Always Construct's Event Control File: C:/Users/felip/Desktop/CEFET/Materias/AOC2/LAOC2/pratica4/computer_architecture_snooping/parte2/cache.v Line: 114
Warning (10235): Verilog HDL Always Construct warning at cache.v(115): variable "Tag_Bus" is read inside the Always Construct but isn't in the Always Construct's Event Control File: C:/Users/felip/Desktop/CEFET/Materias/AOC2/LAOC2/pratica4/computer_architecture_snooping/parte2/cache.v Line: 115
Warning (10235): Verilog HDL Always Construct warning at cache.v(115): variable "Valor_Bus" is read inside the Always Construct but isn't in the Always Construct's Event Control File: C:/Users/felip/Desktop/CEFET/Materias/AOC2/LAOC2/pratica4/computer_architecture_snooping/parte2/cache.v Line: 115
Warning (10235): Verilog HDL Always Construct warning at cache.v(115): variable "Bloco" is read inside the Always Construct but isn't in the Always Construct's Event Control File: C:/Users/felip/Desktop/CEFET/Materias/AOC2/LAOC2/pratica4/computer_architecture_snooping/parte2/cache.v Line: 115
Warning (10235): Verilog HDL Always Construct warning at cache.v(117): variable "Bloco" is read inside the Always Construct but isn't in the Always Construct's Event Control File: C:/Users/felip/Desktop/CEFET/Materias/AOC2/LAOC2/pratica4/computer_architecture_snooping/parte2/cache.v Line: 117
Warning (10240): Verilog HDL Always Construct warning at cache.v(47): inferring latch(es) for variable "q", which holds its previous value in one or more paths through the always construct File: C:/Users/felip/Desktop/CEFET/Materias/AOC2/LAOC2/pratica4/computer_architecture_snooping/parte2/cache.v Line: 47
Info (10041): Inferred latch for "q[0]" at cache.v(47) File: C:/Users/felip/Desktop/CEFET/Materias/AOC2/LAOC2/pratica4/computer_architecture_snooping/parte2/cache.v Line: 47
Info (10041): Inferred latch for "q[1]" at cache.v(47) File: C:/Users/felip/Desktop/CEFET/Materias/AOC2/LAOC2/pratica4/computer_architecture_snooping/parte2/cache.v Line: 47
Info (10041): Inferred latch for "q[2]" at cache.v(47) File: C:/Users/felip/Desktop/CEFET/Materias/AOC2/LAOC2/pratica4/computer_architecture_snooping/parte2/cache.v Line: 47
Info (10041): Inferred latch for "q[3]" at cache.v(47) File: C:/Users/felip/Desktop/CEFET/Materias/AOC2/LAOC2/pratica4/computer_architecture_snooping/parte2/cache.v Line: 47
Info (10041): Inferred latch for "q[4]" at cache.v(47) File: C:/Users/felip/Desktop/CEFET/Materias/AOC2/LAOC2/pratica4/computer_architecture_snooping/parte2/cache.v Line: 47
Info (10041): Inferred latch for "q[5]" at cache.v(47) File: C:/Users/felip/Desktop/CEFET/Materias/AOC2/LAOC2/pratica4/computer_architecture_snooping/parte2/cache.v Line: 47
Info (10041): Inferred latch for "q[6]" at cache.v(47) File: C:/Users/felip/Desktop/CEFET/Materias/AOC2/LAOC2/pratica4/computer_architecture_snooping/parte2/cache.v Line: 47
Info (10041): Inferred latch for "q[7]" at cache.v(47) File: C:/Users/felip/Desktop/CEFET/Materias/AOC2/LAOC2/pratica4/computer_architecture_snooping/parte2/cache.v Line: 47
Info (10041): Inferred latch for "q[8]" at cache.v(47) File: C:/Users/felip/Desktop/CEFET/Materias/AOC2/LAOC2/pratica4/computer_architecture_snooping/parte2/cache.v Line: 47
Info (10041): Inferred latch for "memory[3][0]" at cache.v(47) File: C:/Users/felip/Desktop/CEFET/Materias/AOC2/LAOC2/pratica4/computer_architecture_snooping/parte2/cache.v Line: 47
Info (10041): Inferred latch for "memory[3][1]" at cache.v(47) File: C:/Users/felip/Desktop/CEFET/Materias/AOC2/LAOC2/pratica4/computer_architecture_snooping/parte2/cache.v Line: 47
Info (10041): Inferred latch for "memory[3][2]" at cache.v(47) File: C:/Users/felip/Desktop/CEFET/Materias/AOC2/LAOC2/pratica4/computer_architecture_snooping/parte2/cache.v Line: 47
Info (10041): Inferred latch for "memory[3][3]" at cache.v(47) File: C:/Users/felip/Desktop/CEFET/Materias/AOC2/LAOC2/pratica4/computer_architecture_snooping/parte2/cache.v Line: 47
Info (10041): Inferred latch for "memory[3][4]" at cache.v(47) File: C:/Users/felip/Desktop/CEFET/Materias/AOC2/LAOC2/pratica4/computer_architecture_snooping/parte2/cache.v Line: 47
Info (10041): Inferred latch for "memory[3][5]" at cache.v(47) File: C:/Users/felip/Desktop/CEFET/Materias/AOC2/LAOC2/pratica4/computer_architecture_snooping/parte2/cache.v Line: 47
Info (10041): Inferred latch for "memory[3][6]" at cache.v(47) File: C:/Users/felip/Desktop/CEFET/Materias/AOC2/LAOC2/pratica4/computer_architecture_snooping/parte2/cache.v Line: 47
Info (10041): Inferred latch for "memory[3][7]" at cache.v(47) File: C:/Users/felip/Desktop/CEFET/Materias/AOC2/LAOC2/pratica4/computer_architecture_snooping/parte2/cache.v Line: 47
Info (10041): Inferred latch for "memory[3][8]" at cache.v(47) File: C:/Users/felip/Desktop/CEFET/Materias/AOC2/LAOC2/pratica4/computer_architecture_snooping/parte2/cache.v Line: 47
Info (10041): Inferred latch for "memory[2][0]" at cache.v(47) File: C:/Users/felip/Desktop/CEFET/Materias/AOC2/LAOC2/pratica4/computer_architecture_snooping/parte2/cache.v Line: 47
Info (10041): Inferred latch for "memory[2][1]" at cache.v(47) File: C:/Users/felip/Desktop/CEFET/Materias/AOC2/LAOC2/pratica4/computer_architecture_snooping/parte2/cache.v Line: 47
Info (10041): Inferred latch for "memory[2][2]" at cache.v(47) File: C:/Users/felip/Desktop/CEFET/Materias/AOC2/LAOC2/pratica4/computer_architecture_snooping/parte2/cache.v Line: 47
Info (10041): Inferred latch for "memory[2][3]" at cache.v(47) File: C:/Users/felip/Desktop/CEFET/Materias/AOC2/LAOC2/pratica4/computer_architecture_snooping/parte2/cache.v Line: 47
Info (10041): Inferred latch for "memory[2][4]" at cache.v(47) File: C:/Users/felip/Desktop/CEFET/Materias/AOC2/LAOC2/pratica4/computer_architecture_snooping/parte2/cache.v Line: 47
Info (10041): Inferred latch for "memory[2][5]" at cache.v(47) File: C:/Users/felip/Desktop/CEFET/Materias/AOC2/LAOC2/pratica4/computer_architecture_snooping/parte2/cache.v Line: 47
Info (10041): Inferred latch for "memory[2][6]" at cache.v(47) File: C:/Users/felip/Desktop/CEFET/Materias/AOC2/LAOC2/pratica4/computer_architecture_snooping/parte2/cache.v Line: 47
Info (10041): Inferred latch for "memory[2][7]" at cache.v(47) File: C:/Users/felip/Desktop/CEFET/Materias/AOC2/LAOC2/pratica4/computer_architecture_snooping/parte2/cache.v Line: 47
Info (10041): Inferred latch for "memory[2][8]" at cache.v(47) File: C:/Users/felip/Desktop/CEFET/Materias/AOC2/LAOC2/pratica4/computer_architecture_snooping/parte2/cache.v Line: 47
Info (10041): Inferred latch for "memory[1][0]" at cache.v(47) File: C:/Users/felip/Desktop/CEFET/Materias/AOC2/LAOC2/pratica4/computer_architecture_snooping/parte2/cache.v Line: 47
Info (10041): Inferred latch for "memory[1][1]" at cache.v(47) File: C:/Users/felip/Desktop/CEFET/Materias/AOC2/LAOC2/pratica4/computer_architecture_snooping/parte2/cache.v Line: 47
Info (10041): Inferred latch for "memory[1][2]" at cache.v(47) File: C:/Users/felip/Desktop/CEFET/Materias/AOC2/LAOC2/pratica4/computer_architecture_snooping/parte2/cache.v Line: 47
Info (10041): Inferred latch for "memory[1][3]" at cache.v(47) File: C:/Users/felip/Desktop/CEFET/Materias/AOC2/LAOC2/pratica4/computer_architecture_snooping/parte2/cache.v Line: 47
Info (10041): Inferred latch for "memory[1][4]" at cache.v(47) File: C:/Users/felip/Desktop/CEFET/Materias/AOC2/LAOC2/pratica4/computer_architecture_snooping/parte2/cache.v Line: 47
Info (10041): Inferred latch for "memory[1][5]" at cache.v(47) File: C:/Users/felip/Desktop/CEFET/Materias/AOC2/LAOC2/pratica4/computer_architecture_snooping/parte2/cache.v Line: 47
Info (10041): Inferred latch for "memory[1][6]" at cache.v(47) File: C:/Users/felip/Desktop/CEFET/Materias/AOC2/LAOC2/pratica4/computer_architecture_snooping/parte2/cache.v Line: 47
Info (10041): Inferred latch for "memory[1][7]" at cache.v(47) File: C:/Users/felip/Desktop/CEFET/Materias/AOC2/LAOC2/pratica4/computer_architecture_snooping/parte2/cache.v Line: 47
Info (10041): Inferred latch for "memory[1][8]" at cache.v(47) File: C:/Users/felip/Desktop/CEFET/Materias/AOC2/LAOC2/pratica4/computer_architecture_snooping/parte2/cache.v Line: 47
Info (10041): Inferred latch for "memory[0][0]" at cache.v(47) File: C:/Users/felip/Desktop/CEFET/Materias/AOC2/LAOC2/pratica4/computer_architecture_snooping/parte2/cache.v Line: 47
Info (10041): Inferred latch for "memory[0][1]" at cache.v(47) File: C:/Users/felip/Desktop/CEFET/Materias/AOC2/LAOC2/pratica4/computer_architecture_snooping/parte2/cache.v Line: 47
Info (10041): Inferred latch for "memory[0][2]" at cache.v(47) File: C:/Users/felip/Desktop/CEFET/Materias/AOC2/LAOC2/pratica4/computer_architecture_snooping/parte2/cache.v Line: 47
Info (10041): Inferred latch for "memory[0][3]" at cache.v(47) File: C:/Users/felip/Desktop/CEFET/Materias/AOC2/LAOC2/pratica4/computer_architecture_snooping/parte2/cache.v Line: 47
Info (10041): Inferred latch for "memory[0][4]" at cache.v(47) File: C:/Users/felip/Desktop/CEFET/Materias/AOC2/LAOC2/pratica4/computer_architecture_snooping/parte2/cache.v Line: 47
Info (10041): Inferred latch for "memory[0][5]" at cache.v(47) File: C:/Users/felip/Desktop/CEFET/Materias/AOC2/LAOC2/pratica4/computer_architecture_snooping/parte2/cache.v Line: 47
Info (10041): Inferred latch for "memory[0][6]" at cache.v(47) File: C:/Users/felip/Desktop/CEFET/Materias/AOC2/LAOC2/pratica4/computer_architecture_snooping/parte2/cache.v Line: 47
Info (10041): Inferred latch for "memory[0][7]" at cache.v(47) File: C:/Users/felip/Desktop/CEFET/Materias/AOC2/LAOC2/pratica4/computer_architecture_snooping/parte2/cache.v Line: 47
Info (10041): Inferred latch for "memory[0][8]" at cache.v(47) File: C:/Users/felip/Desktop/CEFET/Materias/AOC2/LAOC2/pratica4/computer_architecture_snooping/parte2/cache.v Line: 47
Info (12128): Elaborating entity "cache" for hierarchy "cache:cache2" File: C:/Users/felip/Desktop/CEFET/Materias/AOC2/LAOC2/pratica4/computer_architecture_snooping/parte2/parte2.v Line: 47
Warning (10235): Verilog HDL Always Construct warning at cache.v(53): variable "EsseProc" is read inside the Always Construct but isn't in the Always Construct's Event Control File: C:/Users/felip/Desktop/CEFET/Materias/AOC2/LAOC2/pratica4/computer_architecture_snooping/parte2/cache.v Line: 53
Warning (10235): Verilog HDL Always Construct warning at cache.v(55): variable "Tag_cache" is read inside the Always Construct but isn't in the Always Construct's Event Control File: C:/Users/felip/Desktop/CEFET/Materias/AOC2/LAOC2/pratica4/computer_architecture_snooping/parte2/cache.v Line: 55
Warning (10235): Verilog HDL Always Construct warning at cache.v(55): variable "Tag_instruc" is read inside the Always Construct but isn't in the Always Construct's Event Control File: C:/Users/felip/Desktop/CEFET/Materias/AOC2/LAOC2/pratica4/computer_architecture_snooping/parte2/cache.v Line: 55
Warning (10235): Verilog HDL Always Construct warning at cache.v(55): variable "Estado_cache" is read inside the Always Construct but isn't in the Always Construct's Event Control File: C:/Users/felip/Desktop/CEFET/Materias/AOC2/LAOC2/pratica4/computer_architecture_snooping/parte2/cache.v Line: 55
Warning (10235): Verilog HDL Always Construct warning at cache.v(58): variable "Estado_cache" is read inside the Always Construct but isn't in the Always Construct's Event Control File: C:/Users/felip/Desktop/CEFET/Materias/AOC2/LAOC2/pratica4/computer_architecture_snooping/parte2/cache.v Line: 58
Warning (10235): Verilog HDL Always Construct warning at cache.v(59): variable "Tag_cache" is read inside the Always Construct but isn't in the Always Construct's Event Control File: C:/Users/felip/Desktop/CEFET/Materias/AOC2/LAOC2/pratica4/computer_architecture_snooping/parte2/cache.v Line: 59
Warning (10235): Verilog HDL Always Construct warning at cache.v(59): variable "Valor_cache" is read inside the Always Construct but isn't in the Always Construct's Event Control File: C:/Users/felip/Desktop/CEFET/Materias/AOC2/LAOC2/pratica4/computer_architecture_snooping/parte2/cache.v Line: 59
Warning (10235): Verilog HDL Always Construct warning at cache.v(66): variable "EsseProc" is read inside the Always Construct but isn't in the Always Construct's Event Control File: C:/Users/felip/Desktop/CEFET/Materias/AOC2/LAOC2/pratica4/computer_architecture_snooping/parte2/cache.v Line: 66
Warning (10235): Verilog HDL Always Construct warning at cache.v(68): variable "Op_instruc" is read inside the Always Construct but isn't in the Always Construct's Event Control File: C:/Users/felip/Desktop/CEFET/Materias/AOC2/LAOC2/pratica4/computer_architecture_snooping/parte2/cache.v Line: 68
Warning (10235): Verilog HDL Always Construct warning at cache.v(69): variable "Tag_instruc" is read inside the Always Construct but isn't in the Always Construct's Event Control File: C:/Users/felip/Desktop/CEFET/Materias/AOC2/LAOC2/pratica4/computer_architecture_snooping/parte2/cache.v Line: 69
Warning (10235): Verilog HDL Always Construct warning at cache.v(69): variable "Valor_instruc" is read inside the Always Construct but isn't in the Always Construct's Event Control File: C:/Users/felip/Desktop/CEFET/Materias/AOC2/LAOC2/pratica4/computer_architecture_snooping/parte2/cache.v Line: 69
Warning (10235): Verilog HDL Always Construct warning at cache.v(69): variable "Bloco" is read inside the Always Construct but isn't in the Always Construct's Event Control File: C:/Users/felip/Desktop/CEFET/Materias/AOC2/LAOC2/pratica4/computer_architecture_snooping/parte2/cache.v Line: 69
Warning (10235): Verilog HDL Always Construct warning at cache.v(70): variable "Tag_instruc" is read inside the Always Construct but isn't in the Always Construct's Event Control File: C:/Users/felip/Desktop/CEFET/Materias/AOC2/LAOC2/pratica4/computer_architecture_snooping/parte2/cache.v Line: 70
Warning (10235): Verilog HDL Always Construct warning at cache.v(75): variable "Tag_cache" is read inside the Always Construct but isn't in the Always Construct's Event Control File: C:/Users/felip/Desktop/CEFET/Materias/AOC2/LAOC2/pratica4/computer_architecture_snooping/parte2/cache.v Line: 75
Warning (10235): Verilog HDL Always Construct warning at cache.v(75): variable "Tag_instruc" is read inside the Always Construct but isn't in the Always Construct's Event Control File: C:/Users/felip/Desktop/CEFET/Materias/AOC2/LAOC2/pratica4/computer_architecture_snooping/parte2/cache.v Line: 75
Warning (10235): Verilog HDL Always Construct warning at cache.v(75): variable "Estado_cache" is read inside the Always Construct but isn't in the Always Construct's Event Control File: C:/Users/felip/Desktop/CEFET/Materias/AOC2/LAOC2/pratica4/computer_architecture_snooping/parte2/cache.v Line: 75
Warning (10235): Verilog HDL Always Construct warning at cache.v(76): variable "Tag_instruc" is read inside the Always Construct but isn't in the Always Construct's Event Control File: C:/Users/felip/Desktop/CEFET/Materias/AOC2/LAOC2/pratica4/computer_architecture_snooping/parte2/cache.v Line: 76
Warning (10235): Verilog HDL Always Construct warning at cache.v(78): variable "Tag_instruc" is read inside the Always Construct but isn't in the Always Construct's Event Control File: C:/Users/felip/Desktop/CEFET/Materias/AOC2/LAOC2/pratica4/computer_architecture_snooping/parte2/cache.v Line: 78
Warning (10235): Verilog HDL Always Construct warning at cache.v(84): variable "EsseProc" is read inside the Always Construct but isn't in the Always Construct's Event Control File: C:/Users/felip/Desktop/CEFET/Materias/AOC2/LAOC2/pratica4/computer_architecture_snooping/parte2/cache.v Line: 84
Warning (10235): Verilog HDL Always Construct warning at cache.v(86): variable "Op_instruc" is read inside the Always Construct but isn't in the Always Construct's Event Control File: C:/Users/felip/Desktop/CEFET/Materias/AOC2/LAOC2/pratica4/computer_architecture_snooping/parte2/cache.v Line: 86
Warning (10235): Verilog HDL Always Construct warning at cache.v(89): variable "Tag_cache" is read inside the Always Construct but isn't in the Always Construct's Event Control File: C:/Users/felip/Desktop/CEFET/Materias/AOC2/LAOC2/pratica4/computer_architecture_snooping/parte2/cache.v Line: 89
Warning (10235): Verilog HDL Always Construct warning at cache.v(89): variable "Tag_instruc" is read inside the Always Construct but isn't in the Always Construct's Event Control File: C:/Users/felip/Desktop/CEFET/Materias/AOC2/LAOC2/pratica4/computer_architecture_snooping/parte2/cache.v Line: 89
Warning (10235): Verilog HDL Always Construct warning at cache.v(90): variable "Estado_cache" is read inside the Always Construct but isn't in the Always Construct's Event Control File: C:/Users/felip/Desktop/CEFET/Materias/AOC2/LAOC2/pratica4/computer_architecture_snooping/parte2/cache.v Line: 90
Warning (10235): Verilog HDL Always Construct warning at cache.v(91): variable "Tag_cache" is read inside the Always Construct but isn't in the Always Construct's Event Control File: C:/Users/felip/Desktop/CEFET/Materias/AOC2/LAOC2/pratica4/computer_architecture_snooping/parte2/cache.v Line: 91
Warning (10235): Verilog HDL Always Construct warning at cache.v(91): variable "Valor_cache" is read inside the Always Construct but isn't in the Always Construct's Event Control File: C:/Users/felip/Desktop/CEFET/Materias/AOC2/LAOC2/pratica4/computer_architecture_snooping/parte2/cache.v Line: 91
Warning (10235): Verilog HDL Always Construct warning at cache.v(93): variable "Bloco" is read inside the Always Construct but isn't in the Always Construct's Event Control File: C:/Users/felip/Desktop/CEFET/Materias/AOC2/LAOC2/pratica4/computer_architecture_snooping/parte2/cache.v Line: 93
Warning (10235): Verilog HDL Always Construct warning at cache.v(100): variable "Tipo_Bus" is read inside the Always Construct but isn't in the Always Construct's Event Control File: C:/Users/felip/Desktop/CEFET/Materias/AOC2/LAOC2/pratica4/computer_architecture_snooping/parte2/cache.v Line: 100
Warning (10235): Verilog HDL Always Construct warning at cache.v(101): variable "Tag_cache" is read inside the Always Construct but isn't in the Always Construct's Event Control File: C:/Users/felip/Desktop/CEFET/Materias/AOC2/LAOC2/pratica4/computer_architecture_snooping/parte2/cache.v Line: 101
Warning (10235): Verilog HDL Always Construct warning at cache.v(101): variable "Tag_instruc" is read inside the Always Construct but isn't in the Always Construct's Event Control File: C:/Users/felip/Desktop/CEFET/Materias/AOC2/LAOC2/pratica4/computer_architecture_snooping/parte2/cache.v Line: 101
Warning (10235): Verilog HDL Always Construct warning at cache.v(101): variable "Estado_cache" is read inside the Always Construct but isn't in the Always Construct's Event Control File: C:/Users/felip/Desktop/CEFET/Materias/AOC2/LAOC2/pratica4/computer_architecture_snooping/parte2/cache.v Line: 101
Warning (10235): Verilog HDL Always Construct warning at cache.v(102): variable "Tag_cache" is read inside the Always Construct but isn't in the Always Construct's Event Control File: C:/Users/felip/Desktop/CEFET/Materias/AOC2/LAOC2/pratica4/computer_architecture_snooping/parte2/cache.v Line: 102
Warning (10235): Verilog HDL Always Construct warning at cache.v(102): variable "Valor_cache" is read inside the Always Construct but isn't in the Always Construct's Event Control File: C:/Users/felip/Desktop/CEFET/Materias/AOC2/LAOC2/pratica4/computer_architecture_snooping/parte2/cache.v Line: 102
Warning (10235): Verilog HDL Always Construct warning at cache.v(103): variable "Bloco" is read inside the Always Construct but isn't in the Always Construct's Event Control File: C:/Users/felip/Desktop/CEFET/Materias/AOC2/LAOC2/pratica4/computer_architecture_snooping/parte2/cache.v Line: 103
Warning (10235): Verilog HDL Always Construct warning at cache.v(109): variable "EsseProc" is read inside the Always Construct but isn't in the Always Construct's Event Control File: C:/Users/felip/Desktop/CEFET/Materias/AOC2/LAOC2/pratica4/computer_architecture_snooping/parte2/cache.v Line: 109
Warning (10235): Verilog HDL Always Construct warning at cache.v(111): variable "Op_instruc" is read inside the Always Construct but isn't in the Always Construct's Event Control File: C:/Users/felip/Desktop/CEFET/Materias/AOC2/LAOC2/pratica4/computer_architecture_snooping/parte2/cache.v Line: 111
Warning (10235): Verilog HDL Always Construct warning at cache.v(114): variable "Tag_cache" is read inside the Always Construct but isn't in the Always Construct's Event Control File: C:/Users/felip/Desktop/CEFET/Materias/AOC2/LAOC2/pratica4/computer_architecture_snooping/parte2/cache.v Line: 114
Warning (10235): Verilog HDL Always Construct warning at cache.v(114): variable "Tag_instruc" is read inside the Always Construct but isn't in the Always Construct's Event Control File: C:/Users/felip/Desktop/CEFET/Materias/AOC2/LAOC2/pratica4/computer_architecture_snooping/parte2/cache.v Line: 114
Warning (10235): Verilog HDL Always Construct warning at cache.v(114): variable "Estado_cache" is read inside the Always Construct but isn't in the Always Construct's Event Control File: C:/Users/felip/Desktop/CEFET/Materias/AOC2/LAOC2/pratica4/computer_architecture_snooping/parte2/cache.v Line: 114
Warning (10235): Verilog HDL Always Construct warning at cache.v(115): variable "Tag_Bus" is read inside the Always Construct but isn't in the Always Construct's Event Control File: C:/Users/felip/Desktop/CEFET/Materias/AOC2/LAOC2/pratica4/computer_architecture_snooping/parte2/cache.v Line: 115
Warning (10235): Verilog HDL Always Construct warning at cache.v(115): variable "Valor_Bus" is read inside the Always Construct but isn't in the Always Construct's Event Control File: C:/Users/felip/Desktop/CEFET/Materias/AOC2/LAOC2/pratica4/computer_architecture_snooping/parte2/cache.v Line: 115
Warning (10235): Verilog HDL Always Construct warning at cache.v(115): variable "Bloco" is read inside the Always Construct but isn't in the Always Construct's Event Control File: C:/Users/felip/Desktop/CEFET/Materias/AOC2/LAOC2/pratica4/computer_architecture_snooping/parte2/cache.v Line: 115
Warning (10235): Verilog HDL Always Construct warning at cache.v(117): variable "Bloco" is read inside the Always Construct but isn't in the Always Construct's Event Control File: C:/Users/felip/Desktop/CEFET/Materias/AOC2/LAOC2/pratica4/computer_architecture_snooping/parte2/cache.v Line: 117
Warning (10240): Verilog HDL Always Construct warning at cache.v(47): inferring latch(es) for variable "q", which holds its previous value in one or more paths through the always construct File: C:/Users/felip/Desktop/CEFET/Materias/AOC2/LAOC2/pratica4/computer_architecture_snooping/parte2/cache.v Line: 47
Info (10041): Inferred latch for "q[0]" at cache.v(47) File: C:/Users/felip/Desktop/CEFET/Materias/AOC2/LAOC2/pratica4/computer_architecture_snooping/parte2/cache.v Line: 47
Info (10041): Inferred latch for "q[1]" at cache.v(47) File: C:/Users/felip/Desktop/CEFET/Materias/AOC2/LAOC2/pratica4/computer_architecture_snooping/parte2/cache.v Line: 47
Info (10041): Inferred latch for "q[2]" at cache.v(47) File: C:/Users/felip/Desktop/CEFET/Materias/AOC2/LAOC2/pratica4/computer_architecture_snooping/parte2/cache.v Line: 47
Info (10041): Inferred latch for "q[3]" at cache.v(47) File: C:/Users/felip/Desktop/CEFET/Materias/AOC2/LAOC2/pratica4/computer_architecture_snooping/parte2/cache.v Line: 47
Info (10041): Inferred latch for "q[4]" at cache.v(47) File: C:/Users/felip/Desktop/CEFET/Materias/AOC2/LAOC2/pratica4/computer_architecture_snooping/parte2/cache.v Line: 47
Info (10041): Inferred latch for "q[5]" at cache.v(47) File: C:/Users/felip/Desktop/CEFET/Materias/AOC2/LAOC2/pratica4/computer_architecture_snooping/parte2/cache.v Line: 47
Info (10041): Inferred latch for "q[6]" at cache.v(47) File: C:/Users/felip/Desktop/CEFET/Materias/AOC2/LAOC2/pratica4/computer_architecture_snooping/parte2/cache.v Line: 47
Info (10041): Inferred latch for "q[7]" at cache.v(47) File: C:/Users/felip/Desktop/CEFET/Materias/AOC2/LAOC2/pratica4/computer_architecture_snooping/parte2/cache.v Line: 47
Info (10041): Inferred latch for "q[8]" at cache.v(47) File: C:/Users/felip/Desktop/CEFET/Materias/AOC2/LAOC2/pratica4/computer_architecture_snooping/parte2/cache.v Line: 47
Info (10041): Inferred latch for "memory[3][0]" at cache.v(47) File: C:/Users/felip/Desktop/CEFET/Materias/AOC2/LAOC2/pratica4/computer_architecture_snooping/parte2/cache.v Line: 47
Info (10041): Inferred latch for "memory[3][1]" at cache.v(47) File: C:/Users/felip/Desktop/CEFET/Materias/AOC2/LAOC2/pratica4/computer_architecture_snooping/parte2/cache.v Line: 47
Info (10041): Inferred latch for "memory[3][2]" at cache.v(47) File: C:/Users/felip/Desktop/CEFET/Materias/AOC2/LAOC2/pratica4/computer_architecture_snooping/parte2/cache.v Line: 47
Info (10041): Inferred latch for "memory[3][3]" at cache.v(47) File: C:/Users/felip/Desktop/CEFET/Materias/AOC2/LAOC2/pratica4/computer_architecture_snooping/parte2/cache.v Line: 47
Info (10041): Inferred latch for "memory[3][4]" at cache.v(47) File: C:/Users/felip/Desktop/CEFET/Materias/AOC2/LAOC2/pratica4/computer_architecture_snooping/parte2/cache.v Line: 47
Info (10041): Inferred latch for "memory[3][5]" at cache.v(47) File: C:/Users/felip/Desktop/CEFET/Materias/AOC2/LAOC2/pratica4/computer_architecture_snooping/parte2/cache.v Line: 47
Info (10041): Inferred latch for "memory[3][6]" at cache.v(47) File: C:/Users/felip/Desktop/CEFET/Materias/AOC2/LAOC2/pratica4/computer_architecture_snooping/parte2/cache.v Line: 47
Info (10041): Inferred latch for "memory[3][7]" at cache.v(47) File: C:/Users/felip/Desktop/CEFET/Materias/AOC2/LAOC2/pratica4/computer_architecture_snooping/parte2/cache.v Line: 47
Info (10041): Inferred latch for "memory[3][8]" at cache.v(47) File: C:/Users/felip/Desktop/CEFET/Materias/AOC2/LAOC2/pratica4/computer_architecture_snooping/parte2/cache.v Line: 47
Info (10041): Inferred latch for "memory[2][0]" at cache.v(47) File: C:/Users/felip/Desktop/CEFET/Materias/AOC2/LAOC2/pratica4/computer_architecture_snooping/parte2/cache.v Line: 47
Info (10041): Inferred latch for "memory[2][1]" at cache.v(47) File: C:/Users/felip/Desktop/CEFET/Materias/AOC2/LAOC2/pratica4/computer_architecture_snooping/parte2/cache.v Line: 47
Info (10041): Inferred latch for "memory[2][2]" at cache.v(47) File: C:/Users/felip/Desktop/CEFET/Materias/AOC2/LAOC2/pratica4/computer_architecture_snooping/parte2/cache.v Line: 47
Info (10041): Inferred latch for "memory[2][3]" at cache.v(47) File: C:/Users/felip/Desktop/CEFET/Materias/AOC2/LAOC2/pratica4/computer_architecture_snooping/parte2/cache.v Line: 47
Info (10041): Inferred latch for "memory[2][4]" at cache.v(47) File: C:/Users/felip/Desktop/CEFET/Materias/AOC2/LAOC2/pratica4/computer_architecture_snooping/parte2/cache.v Line: 47
Info (10041): Inferred latch for "memory[2][5]" at cache.v(47) File: C:/Users/felip/Desktop/CEFET/Materias/AOC2/LAOC2/pratica4/computer_architecture_snooping/parte2/cache.v Line: 47
Info (10041): Inferred latch for "memory[2][6]" at cache.v(47) File: C:/Users/felip/Desktop/CEFET/Materias/AOC2/LAOC2/pratica4/computer_architecture_snooping/parte2/cache.v Line: 47
Info (10041): Inferred latch for "memory[2][7]" at cache.v(47) File: C:/Users/felip/Desktop/CEFET/Materias/AOC2/LAOC2/pratica4/computer_architecture_snooping/parte2/cache.v Line: 47
Info (10041): Inferred latch for "memory[2][8]" at cache.v(47) File: C:/Users/felip/Desktop/CEFET/Materias/AOC2/LAOC2/pratica4/computer_architecture_snooping/parte2/cache.v Line: 47
Info (10041): Inferred latch for "memory[1][0]" at cache.v(47) File: C:/Users/felip/Desktop/CEFET/Materias/AOC2/LAOC2/pratica4/computer_architecture_snooping/parte2/cache.v Line: 47
Info (10041): Inferred latch for "memory[1][1]" at cache.v(47) File: C:/Users/felip/Desktop/CEFET/Materias/AOC2/LAOC2/pratica4/computer_architecture_snooping/parte2/cache.v Line: 47
Info (10041): Inferred latch for "memory[1][2]" at cache.v(47) File: C:/Users/felip/Desktop/CEFET/Materias/AOC2/LAOC2/pratica4/computer_architecture_snooping/parte2/cache.v Line: 47
Info (10041): Inferred latch for "memory[1][3]" at cache.v(47) File: C:/Users/felip/Desktop/CEFET/Materias/AOC2/LAOC2/pratica4/computer_architecture_snooping/parte2/cache.v Line: 47
Info (10041): Inferred latch for "memory[1][4]" at cache.v(47) File: C:/Users/felip/Desktop/CEFET/Materias/AOC2/LAOC2/pratica4/computer_architecture_snooping/parte2/cache.v Line: 47
Info (10041): Inferred latch for "memory[1][5]" at cache.v(47) File: C:/Users/felip/Desktop/CEFET/Materias/AOC2/LAOC2/pratica4/computer_architecture_snooping/parte2/cache.v Line: 47
Info (10041): Inferred latch for "memory[1][6]" at cache.v(47) File: C:/Users/felip/Desktop/CEFET/Materias/AOC2/LAOC2/pratica4/computer_architecture_snooping/parte2/cache.v Line: 47
Info (10041): Inferred latch for "memory[1][7]" at cache.v(47) File: C:/Users/felip/Desktop/CEFET/Materias/AOC2/LAOC2/pratica4/computer_architecture_snooping/parte2/cache.v Line: 47
Info (10041): Inferred latch for "memory[1][8]" at cache.v(47) File: C:/Users/felip/Desktop/CEFET/Materias/AOC2/LAOC2/pratica4/computer_architecture_snooping/parte2/cache.v Line: 47
Info (10041): Inferred latch for "memory[0][0]" at cache.v(47) File: C:/Users/felip/Desktop/CEFET/Materias/AOC2/LAOC2/pratica4/computer_architecture_snooping/parte2/cache.v Line: 47
Info (10041): Inferred latch for "memory[0][1]" at cache.v(47) File: C:/Users/felip/Desktop/CEFET/Materias/AOC2/LAOC2/pratica4/computer_architecture_snooping/parte2/cache.v Line: 47
Info (10041): Inferred latch for "memory[0][2]" at cache.v(47) File: C:/Users/felip/Desktop/CEFET/Materias/AOC2/LAOC2/pratica4/computer_architecture_snooping/parte2/cache.v Line: 47
Info (10041): Inferred latch for "memory[0][3]" at cache.v(47) File: C:/Users/felip/Desktop/CEFET/Materias/AOC2/LAOC2/pratica4/computer_architecture_snooping/parte2/cache.v Line: 47
Info (10041): Inferred latch for "memory[0][4]" at cache.v(47) File: C:/Users/felip/Desktop/CEFET/Materias/AOC2/LAOC2/pratica4/computer_architecture_snooping/parte2/cache.v Line: 47
Info (10041): Inferred latch for "memory[0][5]" at cache.v(47) File: C:/Users/felip/Desktop/CEFET/Materias/AOC2/LAOC2/pratica4/computer_architecture_snooping/parte2/cache.v Line: 47
Info (10041): Inferred latch for "memory[0][6]" at cache.v(47) File: C:/Users/felip/Desktop/CEFET/Materias/AOC2/LAOC2/pratica4/computer_architecture_snooping/parte2/cache.v Line: 47
Info (10041): Inferred latch for "memory[0][7]" at cache.v(47) File: C:/Users/felip/Desktop/CEFET/Materias/AOC2/LAOC2/pratica4/computer_architecture_snooping/parte2/cache.v Line: 47
Info (10041): Inferred latch for "memory[0][8]" at cache.v(47) File: C:/Users/felip/Desktop/CEFET/Materias/AOC2/LAOC2/pratica4/computer_architecture_snooping/parte2/cache.v Line: 47
Info (12128): Elaborating entity "memory" for hierarchy "memory:Memo" File: C:/Users/felip/Desktop/CEFET/Materias/AOC2/LAOC2/pratica4/computer_architecture_snooping/parte2/parte2.v Line: 58
Warning (10235): Verilog HDL Always Construct warning at memory.v(21): variable "estado" is read inside the Always Construct but isn't in the Always Construct's Event Control File: C:/Users/felip/Desktop/CEFET/Materias/AOC2/LAOC2/pratica4/computer_architecture_snooping/parte2/memory.v Line: 21
Warning (10235): Verilog HDL Always Construct warning at memory.v(22): variable "valor" is read inside the Always Construct but isn't in the Always Construct's Event Control File: C:/Users/felip/Desktop/CEFET/Materias/AOC2/LAOC2/pratica4/computer_architecture_snooping/parte2/memory.v Line: 22
Warning (10235): Verilog HDL Always Construct warning at memory.v(22): variable "tag" is read inside the Always Construct but isn't in the Always Construct's Event Control File: C:/Users/felip/Desktop/CEFET/Materias/AOC2/LAOC2/pratica4/computer_architecture_snooping/parte2/memory.v Line: 22
Warning (10235): Verilog HDL Always Construct warning at memory.v(24): variable "estado" is read inside the Always Construct but isn't in the Always Construct's Event Control File: C:/Users/felip/Desktop/CEFET/Materias/AOC2/LAOC2/pratica4/computer_architecture_snooping/parte2/memory.v Line: 24
Warning (10235): Verilog HDL Always Construct warning at memory.v(25): variable "tag" is read inside the Always Construct but isn't in the Always Construct's Event Control File: C:/Users/felip/Desktop/CEFET/Materias/AOC2/LAOC2/pratica4/computer_architecture_snooping/parte2/memory.v Line: 25
Warning (10240): Verilog HDL Always Construct warning at memory.v(20): inferring latch(es) for variable "q", which holds its previous value in one or more paths through the always construct File: C:/Users/felip/Desktop/CEFET/Materias/AOC2/LAOC2/pratica4/computer_architecture_snooping/parte2/memory.v Line: 20
Info (10041): Inferred latch for "q[0]" at memory.v(20) File: C:/Users/felip/Desktop/CEFET/Materias/AOC2/LAOC2/pratica4/computer_architecture_snooping/parte2/memory.v Line: 20
Info (10041): Inferred latch for "q[1]" at memory.v(20) File: C:/Users/felip/Desktop/CEFET/Materias/AOC2/LAOC2/pratica4/computer_architecture_snooping/parte2/memory.v Line: 20
Info (10041): Inferred latch for "q[2]" at memory.v(20) File: C:/Users/felip/Desktop/CEFET/Materias/AOC2/LAOC2/pratica4/computer_architecture_snooping/parte2/memory.v Line: 20
Info (10041): Inferred latch for "q[3]" at memory.v(20) File: C:/Users/felip/Desktop/CEFET/Materias/AOC2/LAOC2/pratica4/computer_architecture_snooping/parte2/memory.v Line: 20
Info (10041): Inferred latch for "q[4]" at memory.v(20) File: C:/Users/felip/Desktop/CEFET/Materias/AOC2/LAOC2/pratica4/computer_architecture_snooping/parte2/memory.v Line: 20
Info (10041): Inferred latch for "q[5]" at memory.v(20) File: C:/Users/felip/Desktop/CEFET/Materias/AOC2/LAOC2/pratica4/computer_architecture_snooping/parte2/memory.v Line: 20
Info (10041): Inferred latch for "q[6]" at memory.v(20) File: C:/Users/felip/Desktop/CEFET/Materias/AOC2/LAOC2/pratica4/computer_architecture_snooping/parte2/memory.v Line: 20
Info (10041): Inferred latch for "q[7]" at memory.v(20) File: C:/Users/felip/Desktop/CEFET/Materias/AOC2/LAOC2/pratica4/computer_architecture_snooping/parte2/memory.v Line: 20
Info (10041): Inferred latch for "q[8]" at memory.v(20) File: C:/Users/felip/Desktop/CEFET/Materias/AOC2/LAOC2/pratica4/computer_architecture_snooping/parte2/memory.v Line: 20
Info (12128): Elaborating entity "bus" for hierarchy "bus:Bus_data" File: C:/Users/felip/Desktop/CEFET/Materias/AOC2/LAOC2/pratica4/computer_architecture_snooping/parte2/parte2.v Line: 67
Info (16010): Generating hard_block partition "hard_block:auto_generated_inst"
    Info (16011): Adding 0 node(s), including 0 DDIO, 0 PLL, 0 transceiver and 0 LCELL
Warning (21074): Design contains 11 input pin(s) that do not drive logic
    Warning (15610): No output dependent on input pin "clock" File: C:/Users/felip/Desktop/CEFET/Materias/AOC2/LAOC2/pratica4/computer_architecture_snooping/parte2/parte2.v Line: 3
    Warning (15610): No output dependent on input pin "Instruc[0]" File: C:/Users/felip/Desktop/CEFET/Materias/AOC2/LAOC2/pratica4/computer_architecture_snooping/parte2/parte2.v Line: 4
    Warning (15610): No output dependent on input pin "Instruc[1]" File: C:/Users/felip/Desktop/CEFET/Materias/AOC2/LAOC2/pratica4/computer_architecture_snooping/parte2/parte2.v Line: 4
    Warning (15610): No output dependent on input pin "Instruc[2]" File: C:/Users/felip/Desktop/CEFET/Materias/AOC2/LAOC2/pratica4/computer_architecture_snooping/parte2/parte2.v Line: 4
    Warning (15610): No output dependent on input pin "Instruc[3]" File: C:/Users/felip/Desktop/CEFET/Materias/AOC2/LAOC2/pratica4/computer_architecture_snooping/parte2/parte2.v Line: 4
    Warning (15610): No output dependent on input pin "Instruc[4]" File: C:/Users/felip/Desktop/CEFET/Materias/AOC2/LAOC2/pratica4/computer_architecture_snooping/parte2/parte2.v Line: 4
    Warning (15610): No output dependent on input pin "Instruc[5]" File: C:/Users/felip/Desktop/CEFET/Materias/AOC2/LAOC2/pratica4/computer_architecture_snooping/parte2/parte2.v Line: 4
    Warning (15610): No output dependent on input pin "Instruc[6]" File: C:/Users/felip/Desktop/CEFET/Materias/AOC2/LAOC2/pratica4/computer_architecture_snooping/parte2/parte2.v Line: 4
    Warning (15610): No output dependent on input pin "Instruc[7]" File: C:/Users/felip/Desktop/CEFET/Materias/AOC2/LAOC2/pratica4/computer_architecture_snooping/parte2/parte2.v Line: 4
    Warning (15610): No output dependent on input pin "Instruc[8]" File: C:/Users/felip/Desktop/CEFET/Materias/AOC2/LAOC2/pratica4/computer_architecture_snooping/parte2/parte2.v Line: 4
    Warning (15610): No output dependent on input pin "Instruc[9]" File: C:/Users/felip/Desktop/CEFET/Materias/AOC2/LAOC2/pratica4/computer_architecture_snooping/parte2/parte2.v Line: 4
Info (21057): Implemented 11 device resources after synthesis - the final resource count might be different
    Info (21058): Implemented 11 input pins
    Info (21059): Implemented 0 output pins
Info: Quartus Prime Analysis & Synthesis was successful. 0 errors, 105 warnings
    Info: Peak virtual memory: 4739 megabytes
    Info: Processing ended: Tue Apr 13 16:26:26 2021
    Info: Elapsed time: 00:00:32
    Info: Total CPU time (on all processors): 00:01:01


